exports[`test AddReward should render 1`] = `
<div
  className="add-reward">
  <Connect(lifecycle(AddRewardCompleted)) />
</div>
`;
