exports[`test adminsignup should render 1`] = `
<div>
  <div
    className="signup">
    <Connect(lifecycle(ReduxForm)) />
  </div>
</div>
`;
