exports[`test AdminConfiguration should render 1`] = `
<Container>
  <Segment
    className="cohortOptions"
    textAlign="center">
    <h2>
      Cohort Options
    </h2>
    <Link
      replace={false}
      to="/admin/configuration/addcohort">
      <Button
        as="button"
        color="orange"
        inverted={true}>
         Click here to add a Cohort
      </Button>
    </Link>
    <br />
    <br />
    <Link
      replace={false}
      to="/admin/configuration/addadmincohort">
      <Button
        as="button"
        color="orange"
        inverted={true}>
         Click here to add a Cohort to your Profile
      </Button>
    </Link>
  </Segment>
</Container>
`;
