exports[`test Header should render 1`] = `
<h2
  className="header">
  Challenges
</h2>
`;
