exports[`test AdminHome should render 1`] = `
<div
  id="admin-dash">
  <Connect(lifecycle(PendingSubmissionsTable)) />
  <Connect(lifecycle(PendingRequestsTable)) />
</div>
`;
