exports[`test EditReward should render 1`] = `
<div
  className="edit-reward">
  <Connect(EditRewardCompleted) />
</div>
`;
