exports[`test EditChallengeApproved should render 1`] = `
<Container
  className="lvl-table">
  <Table
    as="table"
    celled={true}
    color="orange"
    selectable={true}>
    <TableHeader
      as="thead">
      <TableRow
        as="tr"
        cellAs="td">
        <TableHeaderCell
          as="th"
          className="completed-thead"
          textAlign="center">
          Challenge Edit Successful!
        </TableHeaderCell>
      </TableRow>
    </TableHeader>
    <TableBody
      as="tbody">
      <TableRow
        as="tr"
        cellAs="td">
        <TableCell
          as="td">
          <Label
            ribbon={true}>
            Challenge
          </Label>
          Feed Hamid
        </TableCell>
      </TableRow>
      <TableRow
        as="tr"
        cellAs="td">
        <TableCell
          as="td">
          <Label
            ribbon={true}>
            Point Value
          </Label>
          5
        </TableCell>
      </TableRow>
      <TableRow
        as="tr"
        cellAs="td">
        <TableCell
          as="td">
          <Label
            ribbon={true}>
            Description
          </Label>
          Feed your favorite instructor with the evil laugh
        </TableCell>
      </TableRow>
    </TableBody>
  </Table>
  <Grid
    centered={true}>
    <Link
      replace={false}
      to="/admin/challenges">
      <Button
        as="button"
        basic={true}
        color="orange"
        id="completed-btn">
        Back to Challenges
      </Button>
    </Link>
  </Grid>
</Container>
`;
