exports[`test LogoutStudent should render 1`] = `
<Link
  replace={false}
  to="/">
  <Button
    as="button"
    color="orange"
    inverted={true}
    onClick={[Function]}
    size="small">
    <Icon
      as="i"
      name="github" />
     Log Out
  </Button>
</Link>
`;
