exports[`test StudentRewardRequest should render 1`] = `
<div>
  <Connect(ReduxForm) />
</div>
`;
